com.aofei.mifare.Converter -> com.aofei.a.a:
    byte[] HEX_CHAR_TABLE -> a
    java.lang.String getHexString(byte[],int) -> a
com.aofei.mifare.MifareBlock -> com.aofei.a.b:
    int blockIndex -> a
    boolean needRead -> c
    boolean needWrite -> d
    byte[] data -> b
    byte[] getData() -> a
    void setData(byte[]) -> a
com.aofei.mifare.MifareClassCard -> com.aofei.a.c:
    int SECTORCOUNT -> a
    java.lang.String TAG -> b
    com.aofei.mifare.MifareSector[] sectors -> c
    void initializeCard() -> b
    com.aofei.mifare.MifareSector getSector(int) -> a
    void setSector(int,com.aofei.mifare.MifareSector) -> a
    int getSectorCount() -> c
    void setSectorCount(int) -> b
    void debugPrint() -> a
com.aofei.mifare.MifareKey -> com.aofei.a.d:
    byte[] key -> a
    byte[] getKey() -> a
    void setKey(byte[]) -> a
com.aofei.mifare.MifareSector -> com.aofei.a.e:
    int BLOCKCOUNT -> f
    int sectorIndex -> a
    com.aofei.mifare.MifareBlock[] blocks -> b
    com.aofei.mifare.MifareKey keyA -> c
    com.aofei.mifare.MifareKey keyB -> d
    boolean authorized -> e
com.aofei.nfc.AuthenticationException -> com.aofei.nfc.AuthenticationException:
    long serialVersionUID -> a
com.aofei.nfc.KeyUtil -> com.aofei.nfc.a:
    java.lang.String[] keys -> a
    java.lang.String getKey(byte) -> a
com.aofei.nfc.TagUtil -> com.aofei.nfc.TagUtil:
    int TAGUTIL_TYPE_ULTRALIGHT -> a
    int TAGUTIL_TYPE_CLASSIC -> b
    int TAGUTIL_NfcA -> c
    byte PAGE_ADDR_AUTH0 -> d
    byte PAGE_ADDR_AUTH1 -> e
    java.lang.String uid -> f
    java.lang.String finalPage -> g
    int tagType -> h
    byte[] secretKeyDefault -> i
    byte[] ivDefault -> j
    byte[] random -> k
    boolean authorised -> l
    java.lang.String ERR_MSG -> m
    android.nfc.tech.NfcA nfcA -> n
    android.nfc.tech.MifareUltralight ultralight -> o
    byte[] getRandom() -> getRandom
    void setRandom(byte[]) -> setRandom
    com.aofei.nfc.TagUtil selectTag(android.content.Intent,boolean) -> selectTag
    boolean checkTag(int) -> a
    byte[] readOnePage(android.content.Intent,byte,boolean) -> readOnePage
    byte[] readOnePage_MifareUltraLight(android.content.Intent,byte,boolean) -> a
    byte[] readOnePage_MifareClassic(android.content.Intent,byte) -> a
    byte[] readOnePage_NfcA(android.content.Intent,byte,boolean) -> b
    byte[] readFourPage(android.content.Intent,byte,boolean) -> readFourPage
    byte[] readFourPage_MifareUltraLight(android.content.Intent,byte,boolean) -> c
    byte[] readFourPage_MifareClassic$270b30ad() -> a
    byte[] readFourPage_NfcA(android.content.Intent,byte,boolean) -> d
    boolean writeTag(android.content.Intent,byte,byte[],boolean) -> writeTag
    boolean writeTag_MifareUltraLight(android.content.Intent,byte,byte[],boolean) -> a
    boolean writeTag_MifareClassic(android.content.Intent,byte,byte[]) -> a
    boolean writeTag_NfcA(android.content.Intent,byte,byte[],boolean) -> b
    boolean isSupportedAction(java.lang.String) -> a
    boolean authentication(android.content.Intent,java.lang.String,boolean) -> authentication
    boolean authentication(android.content.Intent,byte[],boolean) -> authentication
    boolean authentication_internal(android.content.Intent,java.lang.String,boolean) -> authentication_internal
    boolean authentication_MifareUltraLight$181a3324() -> b
    boolean authentication_MifareClassic$51cd9580() -> c
    boolean authentication_NfcA(android.content.Intent,java.lang.String,boolean) -> a
    byte[] readAllPages(android.content.Intent,int,boolean) -> readAllPages
    byte[] readAllPages_MifareUltraLight$27080214(android.content.Intent) -> a
    byte[] readAllPages_MifareClassic$27080214(android.content.Intent) -> b
    byte[] readAllPages_NfcA$461d4d5a(int,boolean) -> a
    boolean writeNewKey(android.content.Intent,java.lang.String,boolean) -> writeNewKey
    boolean writeNewKey_MifareUltraLight$51cd9580() -> d
    boolean writeNewKey_MifareClassic$51cd9580() -> e
    boolean writeNewKey_NfcA(android.content.Intent,java.lang.String,boolean) -> b
    boolean writePWD216(android.content.Intent,byte[],byte[],boolean) -> writePWD216
    boolean writeNewKey216_MifareUltraLight(android.content.Intent,byte[],byte[],boolean) -> a
    boolean writeNewKey216_MifareClassic$3a0f2c28() -> f
    boolean writeNewKey216_NfcA(android.content.Intent,byte[],byte[],boolean) -> b
    boolean setAccess(android.content.Intent,byte,int,boolean) -> setAccess
    boolean setAccess_MifareClassic$270abe83() -> g
    boolean setAccess_MifareUltraLight$270abe83() -> h
    boolean setAccess_NfcA(android.content.Intent,byte,int,boolean) -> a
    boolean lockLockingbits(android.content.Intent,boolean) -> lockLockingbits
    boolean lockLockingbits_MifareClassic$14d1abca() -> i
    boolean lockLockingbits_MifareUltraLight$14d1abca() -> j
    boolean lockLockingbits_NfcA(android.content.Intent,boolean) -> a
    boolean lockPage(android.content.Intent,byte,byte,boolean) -> lockPage
    boolean lockPage_MifareClassic$270ad8ca() -> k
    boolean lockPage_MifareUltraLight$270ad8ca() -> l
    boolean lockPage_NfcA(android.content.Intent,byte,byte,boolean) -> a
    boolean lockPage_NfcA_Part2(android.content.Intent,byte,byte,boolean) -> b
    byte[] getBytesArray(int) -> b
    boolean lockPage_NfcA_Part1(android.content.Intent,byte,byte,boolean) -> c
    boolean lockPageAll(android.content.Intent,boolean) -> lockPageAll
    boolean lockPageAll_NfcA(android.content.Intent,boolean) -> b
    boolean lockPageAll_MifareUltraLight$14d1abca() -> m
    boolean lockPageAll_MifareClassic$14d1abca() -> n
    int getTagType() -> getTagType
    void accreditation(android.nfc.tech.NfcA,byte[],boolean) -> a
    byte[] hexStringToBytes(java.lang.String) -> hexStringToBytes
    byte charToByte(char) -> a
    java.lang.String bytesToHexString(byte[]) -> bytesToHexString
    void getTagUID_MifareUltralight(android.nfc.Tag) -> a
    void getTagUID_NfcA(android.nfc.Tag,boolean) -> a
    void getFinalPage_NfcA(android.nfc.Tag,boolean) -> b
    java.lang.String getUid() -> getUid
    int getAuthenticationAddr(android.content.Intent,boolean) -> getAuthenticationAddr
    int getAuthenticationType(android.content.Intent,boolean) -> getAuthenticationType
    void close() -> close
    byte[] getCheckSum(byte[]) -> a
    void main(java.lang.String[]) -> main
    byte[] reverse(byte[]) -> b
    int getCount(android.content.Intent,boolean) -> getCount
    int getCount_NfcA$7a9ce4d5(boolean) -> a
    int getCount_MifareUltraLight$7a9ce4d5(boolean) -> b
    int getCount_MifareClassic$7a9ce4d5() -> o
    void enableCounter(android.content.Intent,boolean,boolean) -> enableCounter
    boolean authentication216(android.content.Intent,byte[],boolean) -> authentication216
    boolean authentication_NfcA_By_Compare$4710bd7f(byte[],boolean) -> a
    boolean authentication_MifareUltraLight_By_Compare$4710bd7f() -> p
    boolean authentication_MifareClassic_By_Compare$4710bd7f() -> q
    void setAccess216(android.content.Intent,byte,int,boolean) -> setAccess216
    byte[] getCID(android.content.Intent,boolean) -> getCID
    boolean verifyCID(android.content.Intent,byte[],byte[]) -> verifyCID
    byte[] authStep1(android.content.Intent,boolean) -> authStep1
    byte[] authStep2(android.content.Intent,byte[],boolean) -> authStep2
com.aofei.nfc.ThreeDES -> com.aofei.nfc.ThreeDES:
    byte[] secretKey -> a
    byte[] iv -> b
    java.lang.String encoding -> c
    byte[] encode(byte[],byte[],byte[]) -> encode
    byte[] decode(byte[],byte[],byte[]) -> decode
com.aofei.nfc.Verifier -> com.aofei.nfc.b:
    byte[] ivDefault -> a
    byte[] random -> b
    byte[] getRandom() -> a
    void setRandom(byte[]) -> a
    byte[][] verifyStep1(byte[],byte[]) -> a
    byte[] verifyStep2(byte[],byte[],byte[]) -> a
